==============================================================
Probe sweep
  policy seeds : 42 123 7
  episodes     : 450   episode seed: 0
  controls     : 1
==============================================================
All checkpoints found.

--------------------------------------------------------------
[policy seed 42] collecting hidden states from models/udr_lstm_s42/udr_RecurrentPPO_final
--------------------------------------------------------------
vecnormalize.pkl trovato accanto al checkpoint: models/udr_lstm_s42/vecnormalize.pkl
VecNormalize caricato da: models/udr_lstm_s42/vecnormalize.pkl
Checkpoint caricato: models/udr_lstm_s42/udr_RecurrentPPO_final.zip
lstm_hidden_size della policy: 128  (feature del probe: 256)
  episodio 50/450, lunghezza 500 step
  episodio 100/450, lunghezza 500 step
  episodio 150/450, lunghezza 470 step
  episodio 200/450, lunghezza 304 step
  episodio 250/450, lunghezza 500 step
  episodio 300/450, lunghezza 500 step
  episodio 350/450, lunghezza 500 step
  episodio 400/450, lunghezza 451 step
  episodio 450/450, lunghezza 500 step

Dataset salvato in probe_dataset_s42.npz
  X: (39926, 256)   y: (39926, 3)   episodi: 450
Dataset: probe_dataset_s42.npz  (39926 righe, 450 episodi, feature dim 256)
Metadata del dataset:
  checkpoint         = models/udr_lstm_s42/udr_RecurrentPPO_final.zip
  deterministic      = True
  env_id             = CustomHopper-source-udr-v0
  lstm_hidden_size   = 128
  seed               = 0
  stride             = 5
  use_cell_state     = True
  vecnormalize       = models/udr_lstm_s42/vecnormalize.pkl

Train: 31760 righe  |  Test: 8166 righe  |  device=cpu
  epoch 1/150  loss=0.9978
  epoch 25/150  loss=0.8920
  epoch 50/150  loss=0.8586
  epoch 75/150  loss=0.8389
  epoch 100/150  loss=0.8220
  epoch 125/150  loss=0.8113
  epoch 150/150  loss=0.8035

Risultato principale (test set, valori in kg):
  thigh: baseline=0.2963  probe=0.2759  miglioramento=+6.9%
  leg: baseline=0.2029  probe=0.1987  miglioramento=+2.1%
  foot: baseline=0.3797  probe=0.3505  miglioramento=+7.7%

Correlazione timestep / errore assoluto:
  thigh: Pearson r=+0.033 p=0.00284  |  Spearman r=+0.035 p=0.00164
  leg: Pearson r=+0.056 p=4.66e-07  |  Spearman r=+0.053 p=1.84e-06
  foot: Pearson r=+0.090 p=3.12e-16  |  Spearman r=+0.093 p=3.43e-17

MAE per fase assoluta (step), per massa:
  thigh:
    [0, 110]: MAE=0.2566 (+13.4% vs baseline, n=1980)
    [110, 225]: MAE=0.2810 (+5.2% vs baseline, n=2064)
    [225, 345]: MAE=0.2857 (+3.6% vs baseline, n=2015)
    [345, 495]: MAE=0.2796 (+5.6% vs baseline, n=2107)
  leg:
    [0, 110]: MAE=0.1871 (+7.8% vs baseline, n=1980)
    [110, 225]: MAE=0.1986 (+2.1% vs baseline, n=2064)
    [225, 345]: MAE=0.2013 (+0.8% vs baseline, n=2015)
    [345, 495]: MAE=0.2072 (-2.1% vs baseline, n=2107)
  foot:
    [0, 110]: MAE=0.3008 (+20.8% vs baseline, n=1980)
    [110, 225]: MAE=0.3614 (+4.8% vs baseline, n=2064)
    [225, 345]: MAE=0.3759 (+1.0% vs baseline, n=2015)
    [345, 495]: MAE=0.3621 (+4.6% vs baseline, n=2107)

MAE per fase relativa dell'episodio, per massa:
  thigh:
    [0.00, 0.24]: MAE=0.2587 (+12.7% vs baseline, n=2042)
    [0.24, 0.50]: MAE=0.2787 (+5.9% vs baseline, n=2041)
    [0.50, 0.75]: MAE=0.2815 (+5.0% vs baseline, n=2041)
    [0.75, 1.00]: MAE=0.2846 (+3.9% vs baseline, n=2042)
  leg:
    [0.00, 0.24]: MAE=0.1891 (+6.8% vs baseline, n=2042)
    [0.24, 0.50]: MAE=0.2001 (+1.4% vs baseline, n=2041)
    [0.50, 0.75]: MAE=0.2025 (+0.2% vs baseline, n=2041)
    [0.75, 1.00]: MAE=0.2032 (-0.1% vs baseline, n=2042)
  foot:
    [0.00, 0.24]: MAE=0.3026 (+20.3% vs baseline, n=2042)
    [0.24, 0.50]: MAE=0.3646 (+4.0% vs baseline, n=2041)
    [0.50, 0.75]: MAE=0.3761 (+0.9% vs baseline, n=2041)
    [0.75, 1.00]: MAE=0.3587 (+5.5% vs baseline, n=2042)

Modello salvato in probe_mlp_s42.pt  |  metriche in results/probe_results_s42.json
Dataset: probe_dataset_s42.npz  (39926 righe, 450 episodi, feature dim 256)
Metadata del dataset:
  checkpoint         = models/udr_lstm_s42/udr_RecurrentPPO_final.zip
  deterministic      = True
  env_id             = CustomHopper-source-udr-v0
  lstm_hidden_size   = 128
  seed               = 0
  stride             = 5
  use_cell_state     = True
  vecnormalize       = models/udr_lstm_s42/vecnormalize.pkl

=== Cross-validation su 5 split degli episodi ===
  fold 1/5: improv%=[7.9 2.5 8.1]  pearson_r=[0.044 0.049 0.081]
  fold 2/5: improv%=[10.1  2.5  8.7]  pearson_r=[0.046 0.002 0.096]
  fold 3/5: improv%=[ 6.8 -0.1 11.5]  pearson_r=[0.062 0.039 0.094]
  fold 4/5: improv%=[12.1  0.6 12.1]  pearson_r=[0.109 0.012 0.106]
  fold 5/5: improv%=[8.7 2.5 8.9]  pearson_r=[0.02  0.057 0.034]

Riepilogo cross-validation (media +/- std sui fold):
  thigh: improv% = 9.1 +/- 1.8   |   pearson_r = 0.056 +/- 0.029
  leg: improv% = 1.6 +/- 1.1   |   pearson_r = 0.032 +/- 0.021
  foot: improv% = 9.8 +/- 1.6   |   pearson_r = 0.082 +/- 0.025

=== Finestra iniziale (nessun survivorship bias, solo test set) ===

Finestra sicura: step in [0, 339]  (81/90 episodi di test ancora vivi, 90%)
MAE nei primi 339 step, per massa (solo episodi di test):
  thigh (baseline naive = 0.2987):
    step [  0, 68]: MAE=0.2529  (+15.3% vs baseline, n=1260)
    step [ 68,136]: MAE=0.2616  (+12.4% vs baseline, n=1260)
    step [136,204]: MAE=0.2741  (+8.2% vs baseline, n=1168)
    step [204,272]: MAE=0.2869  (+3.9% vs baseline, n=1227)
    step [272,339]: MAE=0.2874  (+3.8% vs baseline, n=1063)
    correlazione step/errore nella finestra: r=0.071  p=4.41e-08
  leg (baseline naive = 0.2016):
    step [  0, 68]: MAE=0.1875  (+7.0% vs baseline, n=1260)
    step [ 68,136]: MAE=0.1848  (+8.3% vs baseline, n=1260)
    step [136,204]: MAE=0.2005  (+0.6% vs baseline, n=1168)
    step [204,272]: MAE=0.2028  (-0.6% vs baseline, n=1227)
    step [272,339]: MAE=0.1986  (+1.5% vs baseline, n=1063)
    correlazione step/errore nella finestra: r=0.044  p=0.0007577
  foot (baseline naive = 0.3759):
    step [  0, 68]: MAE=0.2747  (+26.9% vs baseline, n=1260)
    step [ 68,136]: MAE=0.3457  (+8.0% vs baseline, n=1260)
    step [136,204]: MAE=0.3526  (+6.2% vs baseline, n=1168)
    step [204,272]: MAE=0.3712  (+1.2% vs baseline, n=1227)
    step [272,339]: MAE=0.3859  (-2.7% vs baseline, n=1063)
    correlazione step/errore nella finestra: r=0.145  p=2.846e-29

Risultati salvati in: results/probe_robustness_s42.json
Dataset: probe_dataset_s42.npz  (39926 righe, 450 episodi, feature dim = 256)
  checkpoint         = models/udr_lstm_s42/udr_RecurrentPPO_final.zip
  deterministic      = True
  env_id             = CustomHopper-source-udr-v0
  lstm_hidden_size   = 128
  seed               = 0
  stride             = 5
  use_cell_state     = True
  vecnormalize       = models/udr_lstm_s42/vecnormalize.pkl

Miglioramento % del MAE rispetto alla baseline naive:
  MLP su hidden state: thigh=+8.9%   leg=+1.8%   foot=+7.8%
  Ridge lineare      : thigh=+2.4%   leg=+0.4%   foot=+1.9%
  CONTROLLO solo t   : thigh=-0.0%   leg=+0.1%   foot=-0.1%
  CONTROLLO shuffled : thigh=-3.2%   leg=-2.2%   foot=-1.7%

Miglioramento % per finestra temporale (t=0 deve essere ~0%):
  t in [  0,  0]  n=   90: thigh=-1.1%   leg=+1.0%   foot=+1.4%
  t in [  1, 20]  n=  360: thigh=+1.3%   leg=+1.3%   foot=+25.6%
  t in [ 20, 50]  n=  630: thigh=+21.1%   leg=+8.4%   foot=+32.0%
  t in [ 50,100]  n=  990: thigh=+17.3%   leg=+6.4%   foot=+15.4%
  t in [100,200]  n= 1888: thigh=+10.2%   leg=+3.9%   foot=+6.8%
  t in [200,500]  n= 4567: thigh=+5.8%   leg=-0.7%   foot=+3.3%

Risultati salvati in: results/probe_controls_s42.json
--------------------------------------------------------------
[policy seed 123] collecting hidden states from models/udr_lstm_s123/udr_RecurrentPPO_final
--------------------------------------------------------------
vecnormalize.pkl trovato accanto al checkpoint: models/udr_lstm_s123/vecnormalize.pkl
VecNormalize caricato da: models/udr_lstm_s123/vecnormalize.pkl
Checkpoint caricato: models/udr_lstm_s123/udr_RecurrentPPO_final.zip
lstm_hidden_size della policy: 128  (feature del probe: 256)
  episodio 50/450, lunghezza 272 step
  episodio 100/450, lunghezza 343 step
  episodio 150/450, lunghezza 257 step
  episodio 200/450, lunghezza 500 step
  episodio 250/450, lunghezza 315 step
  episodio 300/450, lunghezza 500 step
  episodio 350/450, lunghezza 312 step
  episodio 400/450, lunghezza 302 step
  episodio 450/450, lunghezza 220 step

Dataset salvato in probe_dataset_s123.npz
  X: (29130, 256)   y: (29130, 3)   episodi: 450
Dataset: probe_dataset_s123.npz  (29130 righe, 450 episodi, feature dim 256)
Metadata del dataset:
  checkpoint         = models/udr_lstm_s123/udr_RecurrentPPO_final.zip
  deterministic      = True
  env_id             = CustomHopper-source-udr-v0
  lstm_hidden_size   = 128
  seed               = 0
  stride             = 5
  use_cell_state     = True
  vecnormalize       = models/udr_lstm_s123/vecnormalize.pkl

Train: 23251 righe  |  Test: 5879 righe  |  device=cpu
  epoch 1/150  loss=0.9892
  epoch 25/150  loss=0.8001
  epoch 50/150  loss=0.7578
  epoch 75/150  loss=0.7311
  epoch 100/150  loss=0.7133
  epoch 125/150  loss=0.6956
  epoch 150/150  loss=0.6839

Risultato principale (test set, valori in kg):
  thigh: baseline=0.2943  probe=0.2493  miglioramento=+15.3%
  leg: baseline=0.2030  probe=0.1943  miglioramento=+4.3%
  foot: baseline=0.3753  probe=0.3027  miglioramento=+19.3%

Correlazione timestep / errore assoluto:
  thigh: Pearson r=+0.020 p=0.128  |  Spearman r=+0.037 p=0.00419
  leg: Pearson r=+0.137 p=7.04e-26  |  Spearman r=+0.116 p=5.47e-19
  foot: Pearson r=+0.162 p=4.8e-36  |  Spearman r=+0.151 p=2.49e-31

MAE per fase assoluta (step), per massa:
  thigh:
    [0, 80]: MAE=0.2440 (+17.1% vs baseline, n=1440)
    [80, 160]: MAE=0.2257 (+23.3% vs baseline, n=1440)
    [160, 245]: MAE=0.2814 (+4.4% vs baseline, n=1495)
    [245, 495]: MAE=0.2451 (+16.7% vs baseline, n=1504)
  leg:
    [0, 80]: MAE=0.1854 (+8.7% vs baseline, n=1440)
    [80, 160]: MAE=0.1647 (+18.9% vs baseline, n=1440)
    [160, 245]: MAE=0.1981 (+2.4% vs baseline, n=1495)
    [245, 495]: MAE=0.2274 (-12.0% vs baseline, n=1504)
  foot:
    [0, 80]: MAE=0.2615 (+30.3% vs baseline, n=1440)
    [80, 160]: MAE=0.2667 (+28.9% vs baseline, n=1440)
    [160, 245]: MAE=0.3283 (+12.5% vs baseline, n=1495)
    [245, 495]: MAE=0.3511 (+6.4% vs baseline, n=1504)

MAE per fase relativa dell'episodio, per massa:
  thigh:
    [0.00, 0.24]: MAE=0.2408 (+18.2% vs baseline, n=1469)
    [0.24, 0.49]: MAE=0.2308 (+21.6% vs baseline, n=1470)
    [0.49, 0.75]: MAE=0.2702 (+8.2% vs baseline, n=1470)
    [0.75, 1.00]: MAE=0.2552 (+13.3% vs baseline, n=1470)
  leg:
    [0.00, 0.24]: MAE=0.1855 (+8.6% vs baseline, n=1469)
    [0.24, 0.49]: MAE=0.1750 (+13.8% vs baseline, n=1470)
    [0.49, 0.75]: MAE=0.2063 (-1.6% vs baseline, n=1470)
    [0.75, 1.00]: MAE=0.2104 (-3.6% vs baseline, n=1470)
  foot:
    [0.00, 0.24]: MAE=0.2645 (+29.5% vs baseline, n=1469)
    [0.24, 0.49]: MAE=0.2704 (+28.0% vs baseline, n=1470)
    [0.49, 0.75]: MAE=0.3276 (+12.7% vs baseline, n=1470)
    [0.75, 1.00]: MAE=0.3482 (+7.2% vs baseline, n=1470)

Modello salvato in probe_mlp_s123.pt  |  metriche in results/probe_results_s123.json
Dataset: probe_dataset_s123.npz  (29130 righe, 450 episodi, feature dim 256)
Metadata del dataset:
  checkpoint         = models/udr_lstm_s123/udr_RecurrentPPO_final.zip
  deterministic      = True
  env_id             = CustomHopper-source-udr-v0
  lstm_hidden_size   = 128
  seed               = 0
  stride             = 5
  use_cell_state     = True
  vecnormalize       = models/udr_lstm_s123/vecnormalize.pkl

=== Cross-validation su 5 split degli episodi ===
  fold 1/5: improv%=[15.5  4.5 18.1]  pearson_r=[0.03  0.14  0.195]
  fold 2/5: improv%=[17.8  9.2 21.2]  pearson_r=[0.078 0.054 0.211]
  fold 3/5: improv%=[16.4  6.1 21.2]  pearson_r=[0.025 0.078 0.131]
  fold 4/5: improv%=[15.4  4.4 24. ]  pearson_r=[0.2   0.119 0.255]
  fold 5/5: improv%=[17.9  7.  19.6]  pearson_r=[0.065 0.117 0.165]

Riepilogo cross-validation (media +/- std sui fold):
  thigh: improv% = 16.6 +/- 1.1   |   pearson_r = 0.080 +/- 0.063
  leg: improv% = 6.2 +/- 1.8   |   pearson_r = 0.102 +/- 0.031
  foot: improv% = 20.8 +/- 1.9   |   pearson_r = 0.191 +/- 0.042

=== Finestra iniziale (nessun survivorship bias, solo test set) ===

Finestra sicura: step in [0, 244]  (81/90 episodi di test ancora vivi, 90%)
MAE nei primi 244 step, per massa (solo episodi di test):
  thigh (baseline naive = 0.2965):
    step [  0, 49]: MAE=0.2598  (+12.4% vs baseline, n=900)
    step [ 49, 98]: MAE=0.1761  (+40.6% vs baseline, n=900)
    step [ 98,147]: MAE=0.2294  (+22.6% vs baseline, n=900)
    step [147,196]: MAE=0.2805  (+5.4% vs baseline, n=900)
    step [196,244]: MAE=0.2721  (+8.2% vs baseline, n=775)
    correlazione step/errore nella finestra: r=0.094  p=4.719e-10
  leg (baseline naive = 0.1998):
    step [  0, 49]: MAE=0.1864  (+6.7% vs baseline, n=900)
    step [ 49, 98]: MAE=0.1656  (+17.1% vs baseline, n=900)
    step [ 98,147]: MAE=0.1597  (+20.0% vs baseline, n=900)
    step [147,196]: MAE=0.1872  (+6.3% vs baseline, n=900)
    step [196,244]: MAE=0.2033  (-1.8% vs baseline, n=775)
    correlazione step/errore nella finestra: r=0.059  p=8.813e-05
  foot (baseline naive = 0.3764):
    step [  0, 49]: MAE=0.2647  (+29.7% vs baseline, n=900)
    step [ 49, 98]: MAE=0.2422  (+35.7% vs baseline, n=900)
    step [ 98,147]: MAE=0.2602  (+30.9% vs baseline, n=900)
    step [147,196]: MAE=0.3267  (+13.2% vs baseline, n=900)
    step [196,244]: MAE=0.3316  (+11.9% vs baseline, n=775)
    correlazione step/errore nella finestra: r=0.148  p=7.233e-23

Risultati salvati in: results/probe_robustness_s123.json
Dataset: probe_dataset_s123.npz  (29130 righe, 450 episodi, feature dim = 256)
  checkpoint         = models/udr_lstm_s123/udr_RecurrentPPO_final.zip
  deterministic      = True
  env_id             = CustomHopper-source-udr-v0
  lstm_hidden_size   = 128
  seed               = 0
  stride             = 5
  use_cell_state     = True
  vecnormalize       = models/udr_lstm_s123/vecnormalize.pkl

Miglioramento % del MAE rispetto alla baseline naive:
  MLP su hidden state: thigh=+15.9%   leg=+4.1%   foot=+19.0%
  Ridge lineare      : thigh=+4.6%   leg=-0.3%   foot=+3.9%
  CONTROLLO solo t   : thigh=+0.4%   leg=-1.4%   foot=-0.1%
  CONTROLLO shuffled : thigh=-2.9%   leg=-1.9%   foot=-2.4%

Miglioramento % per finestra temporale (t=0 deve essere ~0%):
  t in [  0,  0]  n=   90: thigh=-1.2%   leg=-0.6%   foot=-1.0%
  t in [  1, 20]  n=  360: thigh=+1.7%   leg=-1.6%   foot=+22.0%
  t in [ 20, 50]  n=  630: thigh=+14.5%   leg=+6.5%   foot=+34.4%
  t in [ 50,100]  n=  990: thigh=+40.7%   leg=+17.4%   foot=+38.5%
  t in [100,200]  n= 1890: thigh=+10.9%   leg=+11.9%   foot=+22.2%
  t in [200,500]  n= 2279: thigh=+12.7%   leg=-7.5%   foot=+6.1%

Risultati salvati in: results/probe_controls_s123.json
--------------------------------------------------------------
[policy seed 7] collecting hidden states from models/udr_lstm_s7/udr_RecurrentPPO_final
--------------------------------------------------------------
vecnormalize.pkl trovato accanto al checkpoint: models/udr_lstm_s7/vecnormalize.pkl
VecNormalize caricato da: models/udr_lstm_s7/vecnormalize.pkl
Checkpoint caricato: models/udr_lstm_s7/udr_RecurrentPPO_final.zip
lstm_hidden_size della policy: 128  (feature del probe: 256)
  episodio 50/450, lunghezza 269 step
  episodio 100/450, lunghezza 202 step
  episodio 150/450, lunghezza 187 step
  episodio 200/450, lunghezza 301 step
  episodio 250/450, lunghezza 211 step
  episodio 300/450, lunghezza 207 step
  episodio 350/450, lunghezza 194 step
  episodio 400/450, lunghezza 167 step
  episodio 450/450, lunghezza 180 step

Dataset salvato in probe_dataset_s7.npz
  X: (19865, 256)   y: (19865, 3)   episodi: 450
Dataset: probe_dataset_s7.npz  (19865 righe, 450 episodi, feature dim 256)
Metadata del dataset:
  checkpoint         = models/udr_lstm_s7/udr_RecurrentPPO_final.zip
  deterministic      = True
  env_id             = CustomHopper-source-udr-v0
  lstm_hidden_size   = 128
  seed               = 0
  stride             = 5
  use_cell_state     = True
  vecnormalize       = models/udr_lstm_s7/vecnormalize.pkl

Train: 15935 righe  |  Test: 3930 righe  |  device=cpu
  epoch 1/150  loss=0.9445
  epoch 25/150  loss=0.6491
  epoch 50/150  loss=0.5965
  epoch 75/150  loss=0.5711
  epoch 100/150  loss=0.5475
  epoch 125/150  loss=0.5298
  epoch 150/150  loss=0.5183

Risultato principale (test set, valori in kg):
  thigh: baseline=0.2917  probe=0.2053  miglioramento=+29.6%
  leg: baseline=0.2055  probe=0.1896  miglioramento=+7.7%
  foot: baseline=0.3899  probe=0.2177  miglioramento=+44.2%

Correlazione timestep / errore assoluto:
  thigh: Pearson r=-0.136 p=9.04e-18  |  Spearman r=-0.175 p=2.19e-28
  leg: Pearson r=+0.133 p=6.5e-17  |  Spearman r=+0.082 p=2.53e-07
  foot: Pearson r=+0.124 p=4.79e-15  |  Spearman r=+0.094 p=3.87e-09

MAE per fase assoluta (step), per massa:
  thigh:
    [0, 50]: MAE=0.2681 (+8.1% vs baseline, n=900)
    [50, 105]: MAE=0.1868 (+36.0% vs baseline, n=990)
    [105, 160]: MAE=0.1806 (+38.1% vs baseline, n=990)
    [160, 495]: MAE=0.1922 (+34.1% vs baseline, n=1050)
  leg:
    [0, 50]: MAE=0.1947 (+5.2% vs baseline, n=900)
    [50, 105]: MAE=0.1537 (+25.2% vs baseline, n=990)
    [105, 160]: MAE=0.1960 (+4.6% vs baseline, n=990)
    [160, 495]: MAE=0.2130 (-3.7% vs baseline, n=1050)
  foot:
    [0, 50]: MAE=0.2190 (+43.8% vs baseline, n=900)
    [50, 105]: MAE=0.1771 (+54.6% vs baseline, n=990)
    [105, 160]: MAE=0.2064 (+47.1% vs baseline, n=990)
    [160, 495]: MAE=0.2655 (+31.9% vs baseline, n=1050)

MAE per fase relativa dell'episodio, per massa:
  thigh:
    [0.00, 0.24]: MAE=0.2597 (+11.0% vs baseline, n=983)
    [0.24, 0.49]: MAE=0.1810 (+37.9% vs baseline, n=980)
    [0.49, 0.75]: MAE=0.1638 (+43.9% vs baseline, n=984)
    [0.75, 1.00]: MAE=0.2167 (+25.7% vs baseline, n=983)
  leg:
    [0.00, 0.24]: MAE=0.1975 (+3.9% vs baseline, n=983)
    [0.24, 0.49]: MAE=0.1664 (+19.0% vs baseline, n=980)
    [0.49, 0.75]: MAE=0.1901 (+7.5% vs baseline, n=984)
    [0.75, 1.00]: MAE=0.2043 (+0.5% vs baseline, n=983)
  foot:
    [0.00, 0.24]: MAE=0.2112 (+45.8% vs baseline, n=983)
    [0.24, 0.49]: MAE=0.1797 (+53.9% vs baseline, n=980)
    [0.49, 0.75]: MAE=0.1879 (+51.8% vs baseline, n=984)
    [0.75, 1.00]: MAE=0.2919 (+25.1% vs baseline, n=983)

Modello salvato in probe_mlp_s7.pt  |  metriche in results/probe_results_s7.json
Dataset: probe_dataset_s7.npz  (19865 righe, 450 episodi, feature dim 256)
Metadata del dataset:
  checkpoint         = models/udr_lstm_s7/udr_RecurrentPPO_final.zip
  deterministic      = True
  env_id             = CustomHopper-source-udr-v0
  lstm_hidden_size   = 128
  seed               = 0
  stride             = 5
  use_cell_state     = True
  vecnormalize       = models/udr_lstm_s7/vecnormalize.pkl

=== Cross-validation su 5 split degli episodi ===
  fold 1/5: improv%=[30.8  8.4 43.9]  pearson_r=[-0.102  0.165  0.087]
  fold 2/5: improv%=[37.6  6.9 40.6]  pearson_r=[-0.258  0.232  0.027]
  fold 3/5: improv%=[28.9  5.5 45.5]  pearson_r=[-0.063  0.097  0.031]
  fold 4/5: improv%=[39.   5.1 49.1]  pearson_r=[-0.283  0.032  0.005]
  fold 5/5: improv%=[29.8  3.8 40.7]  pearson_r=[-0.233  0.116 -0.004]

Riepilogo cross-validation (media +/- std sui fold):
  thigh: improv% = 33.2 +/- 4.2   |   pearson_r = -0.188 +/- 0.088
  leg: improv% = 6.0 +/- 1.6   |   pearson_r = 0.128 +/- 0.067
  foot: improv% = 43.9 +/- 3.2   |   pearson_r = 0.029 +/- 0.032

=== Finestra iniziale (nessun survivorship bias, solo test set) ===

Finestra sicura: step in [0, 174]  (81/90 episodi di test ancora vivi, 90%)
MAE nei primi 174 step, per massa (solo episodi di test):
  thigh (baseline naive = 0.2919):
    step [  0, 35]: MAE=0.2709  (+7.2% vs baseline, n=630)
    step [ 35, 70]: MAE=0.2378  (+18.5% vs baseline, n=630)
    step [ 70,105]: MAE=0.1420  (+51.3% vs baseline, n=630)
    step [105,140]: MAE=0.1756  (+39.8% vs baseline, n=630)
    step [140,174]: MAE=0.2066  (+29.2% vs baseline, n=618)
    correlazione step/errore nella finestra: r=-0.168  p=2.827e-21
  leg (baseline naive = 0.2014):
    step [  0, 35]: MAE=0.2017  (-0.1% vs baseline, n=630)
    step [ 35, 70]: MAE=0.1581  (+21.5% vs baseline, n=630)
    step [ 70,105]: MAE=0.1545  (+23.3% vs baseline, n=630)
    step [105,140]: MAE=0.1935  (+3.9% vs baseline, n=630)
    step [140,174]: MAE=0.2054  (-2.0% vs baseline, n=618)
    correlazione step/errore nella finestra: r=0.047  p=0.007899
  foot (baseline naive = 0.3815):
    step [  0, 35]: MAE=0.2803  (+26.5% vs baseline, n=630)
    step [ 35, 70]: MAE=0.1904  (+50.1% vs baseline, n=630)
    step [ 70,105]: MAE=0.1645  (+56.9% vs baseline, n=630)
    step [105,140]: MAE=0.1794  (+53.0% vs baseline, n=630)
    step [140,174]: MAE=0.2437  (+36.1% vs baseline, n=618)
    correlazione step/errore nella finestra: r=-0.092  p=2.107e-07

Risultati salvati in: results/probe_robustness_s7.json
Dataset: probe_dataset_s7.npz  (19865 righe, 450 episodi, feature dim = 256)
  checkpoint         = models/udr_lstm_s7/udr_RecurrentPPO_final.zip
  deterministic      = True
  env_id             = CustomHopper-source-udr-v0
  lstm_hidden_size   = 128
  seed               = 0
  stride             = 5
  use_cell_state     = True
  vecnormalize       = models/udr_lstm_s7/vecnormalize.pkl

Miglioramento % del MAE rispetto alla baseline naive:
  MLP su hidden state: thigh=+29.8%   leg=+8.7%   foot=+44.0%
  Ridge lineare      : thigh=+16.1%   leg=+2.3%   foot=+17.5%
  CONTROLLO solo t   : thigh=+5.7%   leg=+0.2%   foot=+7.2%
  CONTROLLO shuffled : thigh=-1.6%   leg=-2.5%   foot=-1.6%

Miglioramento % per finestra temporale (t=0 deve essere ~0%):
  t in [  0,  0]  n=   90: thigh=-2.9%   leg=+2.9%   foot=+2.7%
  t in [  1, 20]  n=  360: thigh=+5.1%   leg=+2.2%   foot=+32.7%
  t in [ 20, 50]  n=  630: thigh=+13.0%   leg=+15.2%   foot=+56.9%
  t in [ 50,100]  n=  990: thigh=+37.5%   leg=+25.7%   foot=+54.4%
  t in [100,200]  n= 1746: thigh=+36.8%   leg=+4.8%   foot=+44.1%
  t in [200,500]  n=  434: thigh=+34.3%   leg=-13.3%   foot=+28.6%

Risultati salvati in: results/probe_controls_s7.json
--------------------------------------------------------------
[encoder seed 999] random-LSTM control on policy s42
--------------------------------------------------------------
vecnormalize.pkl trovato accanto al checkpoint: models/udr_lstm_s42/vecnormalize.pkl
VecNormalize caricato da: models/udr_lstm_s42/vecnormalize.pkl
Policy che agisce: models/udr_lstm_s42/udr_RecurrentPPO_final (hidden 128)
Encoder LSTM con pesi CASUALI (encoder_seed=999), hidden 128, feature del probe: 256
  episodio 50/450, lunghezza 500 step
  episodio 100/450, lunghezza 500 step
  episodio 150/450, lunghezza 470 step
  episodio 200/450, lunghezza 304 step
  episodio 250/450, lunghezza 500 step
  episodio 300/450, lunghezza 500 step
  episodio 350/450, lunghezza 500 step
  episodio 400/450, lunghezza 451 step
  episodio 450/450, lunghezza 500 step

Dataset di controllo salvato in probe_dataset_control_e999.npz
  X: (39926, 256)   y: (39926, 3)   episodi: 450   lunghezza media: 462 step
Dataset: probe_dataset_control_e999.npz  (39926 righe, 450 episodi, feature dim 256)
Metadata del dataset:
  checkpoint         = CONTROL[random_lstm] actor=models/udr_lstm_s42/udr_RecurrentPPO_final
  control_mode       = random_lstm
  deterministic      = True
  encoder_seed       = 999
  env_id             = CustomHopper-source-udr-v0
  lstm_hidden_size   = 128
  seed               = 0
  stride             = 5
  use_cell_state     = True
  vecnormalize       = models/udr_lstm_s42/vecnormalize.pkl

Train: 31760 righe  |  Test: 8166 righe  |  device=cpu
  epoch 1/150  loss=0.9989
  epoch 25/150  loss=0.8699
  epoch 50/150  loss=0.8427
  epoch 75/150  loss=0.8185
  epoch 100/150  loss=0.8000
  epoch 125/150  loss=0.7855
  epoch 150/150  loss=0.7757

Risultato principale (test set, valori in kg):
  thigh: baseline=0.2963  probe=0.2491  miglioramento=+15.9%
  leg: baseline=0.2029  probe=0.1944  miglioramento=+4.2%
  foot: baseline=0.3797  probe=0.3221  miglioramento=+15.2%

Correlazione timestep / errore assoluto:
  thigh: Pearson r=+0.043 p=0.000102  |  Spearman r=+0.051 p=3.86e-06
  leg: Pearson r=+0.043 p=9.08e-05  |  Spearman r=+0.040 p=0.000253
  foot: Pearson r=+0.102 p=2.2e-20  |  Spearman r=+0.110 p=2.59e-23

MAE per fase assoluta (step), per massa:
  thigh:
    [0, 110]: MAE=0.2283 (+22.9% vs baseline, n=1980)
    [110, 225]: MAE=0.2524 (+14.8% vs baseline, n=2064)
    [225, 345]: MAE=0.2626 (+11.4% vs baseline, n=2015)
    [345, 495]: MAE=0.2523 (+14.8% vs baseline, n=2107)
  leg:
    [0, 110]: MAE=0.1860 (+8.3% vs baseline, n=1980)
    [110, 225]: MAE=0.1947 (+4.0% vs baseline, n=2064)
    [225, 345]: MAE=0.1965 (+3.2% vs baseline, n=2015)
    [345, 495]: MAE=0.2002 (+1.3% vs baseline, n=2107)
  foot:
    [0, 110]: MAE=0.2820 (+25.7% vs baseline, n=1980)
    [110, 225]: MAE=0.3115 (+18.0% vs baseline, n=2064)
    [225, 345]: MAE=0.3578 (+5.8% vs baseline, n=2015)
    [345, 495]: MAE=0.3360 (+11.5% vs baseline, n=2107)

MAE per fase relativa dell'episodio, per massa:
  thigh:
    [0.00, 0.24]: MAE=0.2314 (+21.9% vs baseline, n=2042)
    [0.24, 0.50]: MAE=0.2473 (+16.5% vs baseline, n=2041)
    [0.50, 0.75]: MAE=0.2599 (+12.3% vs baseline, n=2041)
    [0.75, 1.00]: MAE=0.2576 (+13.0% vs baseline, n=2042)
  leg:
    [0.00, 0.24]: MAE=0.1870 (+7.8% vs baseline, n=2042)
    [0.24, 0.50]: MAE=0.1959 (+3.5% vs baseline, n=2041)
    [0.50, 0.75]: MAE=0.1972 (+2.8% vs baseline, n=2041)
    [0.75, 1.00]: MAE=0.1976 (+2.6% vs baseline, n=2042)
  foot:
    [0.00, 0.24]: MAE=0.2817 (+25.8% vs baseline, n=2042)
    [0.24, 0.50]: MAE=0.3166 (+16.6% vs baseline, n=2041)
    [0.50, 0.75]: MAE=0.3577 (+5.8% vs baseline, n=2041)
    [0.75, 1.00]: MAE=0.3324 (+12.4% vs baseline, n=2042)

Modello salvato in probe_mlp_control_e999.pt  |  metriche in results/probe_results_control_e999.json
Dataset: probe_dataset_control_e999.npz  (39926 righe, 450 episodi, feature dim 256)
Metadata del dataset:
  checkpoint         = CONTROL[random_lstm] actor=models/udr_lstm_s42/udr_RecurrentPPO_final
  control_mode       = random_lstm
  deterministic      = True
  encoder_seed       = 999
  env_id             = CustomHopper-source-udr-v0
  lstm_hidden_size   = 128
  seed               = 0
  stride             = 5
  use_cell_state     = True
  vecnormalize       = models/udr_lstm_s42/vecnormalize.pkl

=== Cross-validation su 5 split degli episodi ===
  fold 1/5: improv%=[18.3  5.8 18.8]  pearson_r=[0.049 0.065 0.158]
  fold 2/5: improv%=[19.2  5.8 19.3]  pearson_r=[0.028 0.033 0.112]
  fold 3/5: improv%=[14.   4.6 22.7]  pearson_r=[0.036 0.066 0.206]
  fold 4/5: improv%=[21.2  3.  22.4]  pearson_r=[0.137 0.022 0.205]
  fold 5/5: improv%=[18.9  6.8 18.3]  pearson_r=[0.043 0.064 0.097]

Riepilogo cross-validation (media +/- std sui fold):
  thigh: improv% = 18.3 +/- 2.4   |   pearson_r = 0.059 +/- 0.040
  leg: improv% = 5.2 +/- 1.3   |   pearson_r = 0.050 +/- 0.019
  foot: improv% = 20.3 +/- 1.8   |   pearson_r = 0.156 +/- 0.045

=== Finestra iniziale (nessun survivorship bias, solo test set) ===

Finestra sicura: step in [0, 339]  (81/90 episodi di test ancora vivi, 90%)
MAE nei primi 339 step, per massa (solo episodi di test):
  thigh (baseline naive = 0.2987):
    step [  0, 68]: MAE=0.2350  (+21.3% vs baseline, n=1260)
    step [ 68,136]: MAE=0.2322  (+22.3% vs baseline, n=1260)
    step [136,204]: MAE=0.2362  (+20.9% vs baseline, n=1168)
    step [204,272]: MAE=0.2609  (+12.6% vs baseline, n=1227)
    step [272,339]: MAE=0.2707  (+9.4% vs baseline, n=1063)
    correlazione step/errore nella finestra: r=0.071  p=4.095e-08
  leg (baseline naive = 0.2016):
    step [  0, 68]: MAE=0.1814  (+10.0% vs baseline, n=1260)
    step [ 68,136]: MAE=0.1785  (+11.5% vs baseline, n=1260)
    step [136,204]: MAE=0.1952  (+3.2% vs baseline, n=1168)
    step [204,272]: MAE=0.1972  (+2.2% vs baseline, n=1227)
    step [272,339]: MAE=0.1985  (+1.6% vs baseline, n=1063)
    correlazione step/errore nella finestra: r=0.058  p=7.036e-06
  foot (baseline naive = 0.3759):
    step [  0, 68]: MAE=0.2332  (+38.0% vs baseline, n=1260)
    step [ 68,136]: MAE=0.2881  (+23.4% vs baseline, n=1260)
    step [136,204]: MAE=0.3074  (+18.2% vs baseline, n=1168)
    step [204,272]: MAE=0.3510  (+6.6% vs baseline, n=1227)
    step [272,339]: MAE=0.3635  (+3.3% vs baseline, n=1063)
    correlazione step/errore nella finestra: r=0.199  p=2.58e-54

Risultati salvati in: results/probe_robustness_control_e999.json
Dataset: probe_dataset_control_e999.npz  (39926 righe, 450 episodi, feature dim = 256)
  checkpoint         = CONTROL[random_lstm] actor=models/udr_lstm_s42/udr_RecurrentPPO_final
  control_mode       = random_lstm
  deterministic      = True
  encoder_seed       = 999
  env_id             = CustomHopper-source-udr-v0
  lstm_hidden_size   = 128
  seed               = 0
  stride             = 5
  use_cell_state     = True
  vecnormalize       = models/udr_lstm_s42/vecnormalize.pkl

Miglioramento % del MAE rispetto alla baseline naive:
  MLP su hidden state: thigh=+15.3%   leg=+5.1%   foot=+17.2%
  Ridge lineare      : thigh=+5.1%   leg=+1.9%   foot=+5.1%
  CONTROLLO solo t   : thigh=-0.1%   leg=-0.1%   foot=-0.1%
  CONTROLLO shuffled : thigh=-0.4%   leg=-0.5%   foot=+0.1%

Miglioramento % per finestra temporale (t=0 deve essere ~0%):
  t in [  0,  0]  n=   90: thigh=-2.4%   leg=+1.4%   foot=+0.7%
  t in [  1, 20]  n=  360: thigh=+6.3%   leg=+4.4%   foot=+29.5%
  t in [ 20, 50]  n=  630: thigh=+28.2%   leg=+12.9%   foot=+52.7%
  t in [ 50,100]  n=  990: thigh=+20.4%   leg=+13.5%   foot=+30.6%
  t in [100,200]  n= 1888: thigh=+19.7%   leg=+7.0%   foot=+20.3%
  t in [200,500]  n= 4567: thigh=+12.6%   leg=+1.9%   foot=+9.1%

Risultati salvati in: results/probe_controls_control_e999.json
--------------------------------------------------------------
[encoder seed 7] random-LSTM control on policy s42
--------------------------------------------------------------
vecnormalize.pkl trovato accanto al checkpoint: models/udr_lstm_s42/vecnormalize.pkl
VecNormalize caricato da: models/udr_lstm_s42/vecnormalize.pkl
Policy che agisce: models/udr_lstm_s42/udr_RecurrentPPO_final (hidden 128)
Encoder LSTM con pesi CASUALI (encoder_seed=7), hidden 128, feature del probe: 256
  episodio 50/450, lunghezza 500 step
  episodio 100/450, lunghezza 500 step
  episodio 150/450, lunghezza 470 step
  episodio 200/450, lunghezza 304 step
  episodio 250/450, lunghezza 500 step
  episodio 300/450, lunghezza 500 step
  episodio 350/450, lunghezza 500 step
  episodio 400/450, lunghezza 451 step
  episodio 450/450, lunghezza 500 step

Dataset di controllo salvato in probe_dataset_control_e7.npz
  X: (39926, 256)   y: (39926, 3)   episodi: 450   lunghezza media: 462 step
Dataset: probe_dataset_control_e7.npz  (39926 righe, 450 episodi, feature dim 256)
Metadata del dataset:
  checkpoint         = CONTROL[random_lstm] actor=models/udr_lstm_s42/udr_RecurrentPPO_final
  control_mode       = random_lstm
  deterministic      = True
  encoder_seed       = 7
  env_id             = CustomHopper-source-udr-v0
  lstm_hidden_size   = 128
  seed               = 0
  stride             = 5
  use_cell_state     = True
  vecnormalize       = models/udr_lstm_s42/vecnormalize.pkl

Train: 31760 righe  |  Test: 8166 righe  |  device=cpu
  epoch 1/150  loss=0.9993
  epoch 25/150  loss=0.8732
  epoch 50/150  loss=0.8312
  epoch 75/150  loss=0.8062
  epoch 100/150  loss=0.7896
  epoch 125/150  loss=0.7774
  epoch 150/150  loss=0.7669

Risultato principale (test set, valori in kg):
  thigh: baseline=0.2963  probe=0.2495  miglioramento=+15.8%
  leg: baseline=0.2029  probe=0.1942  miglioramento=+4.3%
  foot: baseline=0.3797  probe=0.3134  miglioramento=+17.5%

Correlazione timestep / errore assoluto:
  thigh: Pearson r=+0.037 p=0.000952  |  Spearman r=+0.041 p=0.000212
  leg: Pearson r=+0.052 p=2.64e-06  |  Spearman r=+0.050 p=5.48e-06
  foot: Pearson r=+0.152 p=2.02e-43  |  Spearman r=+0.165 p=4.19e-51

MAE per fase assoluta (step), per massa:
  thigh:
    [0, 110]: MAE=0.2333 (+21.3% vs baseline, n=1980)
    [110, 225]: MAE=0.2487 (+16.1% vs baseline, n=2064)
    [225, 345]: MAE=0.2626 (+11.4% vs baseline, n=2015)
    [345, 495]: MAE=0.2528 (+14.7% vs baseline, n=2107)
  leg:
    [0, 110]: MAE=0.1853 (+8.7% vs baseline, n=1980)
    [110, 225]: MAE=0.1920 (+5.4% vs baseline, n=2064)
    [225, 345]: MAE=0.1974 (+2.7% vs baseline, n=2015)
    [345, 495]: MAE=0.2016 (+0.6% vs baseline, n=2107)
  foot:
    [0, 110]: MAE=0.2483 (+34.6% vs baseline, n=1980)
    [110, 225]: MAE=0.3082 (+18.8% vs baseline, n=2064)
    [225, 345]: MAE=0.3606 (+5.0% vs baseline, n=2015)
    [345, 495]: MAE=0.3344 (+11.9% vs baseline, n=2107)

MAE per fase relativa dell'episodio, per massa:
  thigh:
    [0.00, 0.24]: MAE=0.2360 (+20.4% vs baseline, n=2042)
    [0.24, 0.50]: MAE=0.2450 (+17.3% vs baseline, n=2041)
    [0.50, 0.75]: MAE=0.2584 (+12.8% vs baseline, n=2041)
    [0.75, 1.00]: MAE=0.2584 (+12.8% vs baseline, n=2042)
  leg:
    [0.00, 0.24]: MAE=0.1859 (+8.4% vs baseline, n=2042)
    [0.24, 0.50]: MAE=0.1943 (+4.2% vs baseline, n=2041)
    [0.50, 0.75]: MAE=0.1970 (+2.9% vs baseline, n=2041)
    [0.75, 1.00]: MAE=0.1996 (+1.6% vs baseline, n=2042)
  foot:
    [0.00, 0.24]: MAE=0.2485 (+34.5% vs baseline, n=2042)
    [0.24, 0.50]: MAE=0.3124 (+17.7% vs baseline, n=2041)
    [0.50, 0.75]: MAE=0.3574 (+5.9% vs baseline, n=2041)
    [0.75, 1.00]: MAE=0.3352 (+11.7% vs baseline, n=2042)

Modello salvato in probe_mlp_control_e7.pt  |  metriche in results/probe_results_control_e7.json
Dataset: probe_dataset_control_e7.npz  (39926 righe, 450 episodi, feature dim 256)
Metadata del dataset:
  checkpoint         = CONTROL[random_lstm] actor=models/udr_lstm_s42/udr_RecurrentPPO_final
  control_mode       = random_lstm
  deterministic      = True
  encoder_seed       = 7
  env_id             = CustomHopper-source-udr-v0
  lstm_hidden_size   = 128
  seed               = 0
  stride             = 5
  use_cell_state     = True
  vecnormalize       = models/udr_lstm_s42/vecnormalize.pkl

=== Cross-validation su 5 split degli episodi ===
  fold 1/5: improv%=[16.5  5.3 14.9]  pearson_r=[0.019 0.055 0.076]
  fold 2/5: improv%=[19.9  6.1 21. ]  pearson_r=[0.043 0.044 0.14 ]
  fold 3/5: improv%=[12.4  3.9 19.5]  pearson_r=[0.064 0.062 0.14 ]
  fold 4/5: improv%=[20.8  3.4 22.7]  pearson_r=[0.135 0.034 0.209]
  fold 5/5: improv%=[18.2  6.1 16.6]  pearson_r=[0.033 0.056 0.061]

Riepilogo cross-validation (media +/- std sui fold):
  thigh: improv% = 17.6 +/- 3.0   |   pearson_r = 0.059 +/- 0.041
  leg: improv% = 5.0 +/- 1.1   |   pearson_r = 0.050 +/- 0.010
  foot: improv% = 18.9 +/- 2.8   |   pearson_r = 0.125 +/- 0.053

=== Finestra iniziale (nessun survivorship bias, solo test set) ===

Finestra sicura: step in [0, 339]  (81/90 episodi di test ancora vivi, 90%)
MAE nei primi 339 step, per massa (solo episodi di test):
  thigh (baseline naive = 0.2987):
    step [  0, 68]: MAE=0.2465  (+17.5% vs baseline, n=1260)
    step [ 68,136]: MAE=0.2193  (+26.6% vs baseline, n=1260)
    step [136,204]: MAE=0.2469  (+17.3% vs baseline, n=1168)
    step [204,272]: MAE=0.2522  (+15.5% vs baseline, n=1227)
    step [272,339]: MAE=0.2661  (+10.9% vs baseline, n=1063)
    correlazione step/errore nella finestra: r=0.053  p=3.627e-05
  leg (baseline naive = 0.2016):
    step [  0, 68]: MAE=0.1886  (+6.5% vs baseline, n=1260)
    step [ 68,136]: MAE=0.1803  (+10.6% vs baseline, n=1260)
    step [136,204]: MAE=0.1948  (+3.4% vs baseline, n=1168)
    step [204,272]: MAE=0.1941  (+3.7% vs baseline, n=1227)
    step [272,339]: MAE=0.1960  (+2.8% vs baseline, n=1063)
    correlazione step/errore nella finestra: r=0.030  p=0.02181
  foot (baseline naive = 0.3759):
    step [  0, 68]: MAE=0.2784  (+25.9% vs baseline, n=1260)
    step [ 68,136]: MAE=0.2989  (+20.5% vs baseline, n=1260)
    step [136,204]: MAE=0.3122  (+16.9% vs baseline, n=1168)
    step [204,272]: MAE=0.3422  (+9.0% vs baseline, n=1227)
    step [272,339]: MAE=0.3676  (+2.2% vs baseline, n=1063)
    correlazione step/errore nella finestra: r=0.129  p=1.599e-23

Risultati salvati in: results/probe_robustness_control_e7.json
Dataset: probe_dataset_control_e7.npz  (39926 righe, 450 episodi, feature dim = 256)
  checkpoint         = CONTROL[random_lstm] actor=models/udr_lstm_s42/udr_RecurrentPPO_final
  control_mode       = random_lstm
  deterministic      = True
  encoder_seed       = 7
  env_id             = CustomHopper-source-udr-v0
  lstm_hidden_size   = 128
  seed               = 0
  stride             = 5
  use_cell_state     = True
  vecnormalize       = models/udr_lstm_s42/vecnormalize.pkl

Miglioramento % del MAE rispetto alla baseline naive:
  MLP su hidden state: thigh=+17.1%   leg=+6.4%   foot=+17.8%
  Ridge lineare      : thigh=+5.3%   leg=+1.6%   foot=+5.1%
  CONTROLLO solo t   : thigh=-0.1%   leg=+0.0%   foot=+0.0%
  CONTROLLO shuffled : thigh=-0.5%   leg=-0.7%   foot=-0.1%

Miglioramento % per finestra temporale (t=0 deve essere ~0%):
  t in [  0,  0]  n=   90: thigh=-2.2%   leg=+0.2%   foot=+1.2%
  t in [  1, 20]  n=  360: thigh=+9.5%   leg=+6.3%   foot=+29.4%
  t in [ 20, 50]  n=  630: thigh=+27.8%   leg=+13.1%   foot=+49.6%
  t in [ 50,100]  n=  990: thigh=+27.4%   leg=+14.2%   foot=+33.0%
  t in [100,200]  n= 1888: thigh=+21.2%   leg=+7.5%   foot=+21.3%
  t in [200,500]  n= 4567: thigh=+13.6%   leg=+3.7%   foot=+9.7%

Risultati salvati in: results/probe_controls_control_e7.json
--------------------------------------------------------------
[encoder seed 8] random-LSTM control on policy s42
--------------------------------------------------------------
vecnormalize.pkl trovato accanto al checkpoint: models/udr_lstm_s42/vecnormalize.pkl
VecNormalize caricato da: models/udr_lstm_s42/vecnormalize.pkl
Policy che agisce: models/udr_lstm_s42/udr_RecurrentPPO_final (hidden 128)
Encoder LSTM con pesi CASUALI (encoder_seed=8), hidden 128, feature del probe: 256
  episodio 50/450, lunghezza 500 step
  episodio 100/450, lunghezza 500 step
  episodio 150/450, lunghezza 470 step
  episodio 200/450, lunghezza 304 step
  episodio 250/450, lunghezza 500 step
  episodio 300/450, lunghezza 500 step
  episodio 350/450, lunghezza 500 step
  episodio 400/450, lunghezza 451 step
  episodio 450/450, lunghezza 500 step

Dataset di controllo salvato in probe_dataset_control_e8.npz
  X: (39926, 256)   y: (39926, 3)   episodi: 450   lunghezza media: 462 step
Dataset: probe_dataset_control_e8.npz  (39926 righe, 450 episodi, feature dim 256)
Metadata del dataset:
  checkpoint         = CONTROL[random_lstm] actor=models/udr_lstm_s42/udr_RecurrentPPO_final
  control_mode       = random_lstm
  deterministic      = True
  encoder_seed       = 8
  env_id             = CustomHopper-source-udr-v0
  lstm_hidden_size   = 128
  seed               = 0
  stride             = 5
  use_cell_state     = True
  vecnormalize       = models/udr_lstm_s42/vecnormalize.pkl

Train: 31760 righe  |  Test: 8166 righe  |  device=cpu
  epoch 1/150  loss=0.9988
  epoch 25/150  loss=0.8724
  epoch 50/150  loss=0.8401
  epoch 75/150  loss=0.8132
  epoch 100/150  loss=0.7950
  epoch 125/150  loss=0.7824
  epoch 150/150  loss=0.7740

Risultato principale (test set, valori in kg):
  thigh: baseline=0.2963  probe=0.2495  miglioramento=+15.8%
  leg: baseline=0.2029  probe=0.1932  miglioramento=+4.8%
  foot: baseline=0.3797  probe=0.3205  miglioramento=+15.6%

Correlazione timestep / errore assoluto:
  thigh: Pearson r=+0.045 p=4.3e-05  |  Spearman r=+0.050 p=5.83e-06
  leg: Pearson r=+0.032 p=0.00343  |  Spearman r=+0.030 p=0.00682
  foot: Pearson r=+0.092 p=8.55e-17  |  Spearman r=+0.103 p=1.03e-20

MAE per fase assoluta (step), per massa:
  thigh:
    [0, 110]: MAE=0.2340 (+21.0% vs baseline, n=1980)
    [110, 225]: MAE=0.2453 (+17.2% vs baseline, n=2064)
    [225, 345]: MAE=0.2617 (+11.7% vs baseline, n=2015)
    [345, 495]: MAE=0.2563 (+13.5% vs baseline, n=2107)
  leg:
    [0, 110]: MAE=0.1874 (+7.6% vs baseline, n=1980)
    [110, 225]: MAE=0.1928 (+5.0% vs baseline, n=2064)
    [225, 345]: MAE=0.1946 (+4.1% vs baseline, n=2015)
    [345, 495]: MAE=0.1975 (+2.6% vs baseline, n=2107)
  foot:
    [0, 110]: MAE=0.2814 (+25.9% vs baseline, n=1980)
    [110, 225]: MAE=0.3114 (+18.0% vs baseline, n=2064)
    [225, 345]: MAE=0.3593 (+5.4% vs baseline, n=2015)
    [345, 495]: MAE=0.3292 (+13.3% vs baseline, n=2107)

MAE per fase relativa dell'episodio, per massa:
  thigh:
    [0.00, 0.24]: MAE=0.2358 (+20.4% vs baseline, n=2042)
    [0.24, 0.50]: MAE=0.2421 (+18.3% vs baseline, n=2041)
    [0.50, 0.75]: MAE=0.2605 (+12.1% vs baseline, n=2041)
    [0.75, 1.00]: MAE=0.2594 (+12.5% vs baseline, n=2042)
  leg:
    [0.00, 0.24]: MAE=0.1888 (+6.9% vs baseline, n=2042)
    [0.24, 0.50]: MAE=0.1952 (+3.8% vs baseline, n=2041)
    [0.50, 0.75]: MAE=0.1944 (+4.2% vs baseline, n=2041)
    [0.75, 1.00]: MAE=0.1943 (+4.2% vs baseline, n=2042)
  foot:
    [0.00, 0.24]: MAE=0.2775 (+26.9% vs baseline, n=2042)
    [0.24, 0.50]: MAE=0.3219 (+15.2% vs baseline, n=2041)
    [0.50, 0.75]: MAE=0.3533 (+6.9% vs baseline, n=2041)
    [0.75, 1.00]: MAE=0.3295 (+13.2% vs baseline, n=2042)

Modello salvato in probe_mlp_control_e8.pt  |  metriche in results/probe_results_control_e8.json
Dataset: probe_dataset_control_e8.npz  (39926 righe, 450 episodi, feature dim 256)
Metadata del dataset:
  checkpoint         = CONTROL[random_lstm] actor=models/udr_lstm_s42/udr_RecurrentPPO_final
  control_mode       = random_lstm
  deterministic      = True
  encoder_seed       = 8
  env_id             = CustomHopper-source-udr-v0
  lstm_hidden_size   = 128
  seed               = 0
  stride             = 5
  use_cell_state     = True
  vecnormalize       = models/udr_lstm_s42/vecnormalize.pkl

=== Cross-validation su 5 split degli episodi ===
  fold 1/5: improv%=[16.1  6.1 18.1]  pearson_r=[0.036 0.057 0.143]
  fold 2/5: improv%=[19.   5.4 21. ]  pearson_r=[0.051 0.029 0.128]
  fold 3/5: improv%=[12.5  3.6 21.1]  pearson_r=[0.034 0.068 0.168]
  fold 4/5: improv%=[20.9  3.2 22.9]  pearson_r=[0.113 0.017 0.214]
  fold 5/5: improv%=[18.6  6.5 19.2]  pearson_r=[0.044 0.077 0.089]

Riepilogo cross-validation (media +/- std sui fold):
  thigh: improv% = 17.4 +/- 2.9   |   pearson_r = 0.056 +/- 0.029
  leg: improv% = 4.9 +/- 1.3   |   pearson_r = 0.050 +/- 0.023
  foot: improv% = 20.5 +/- 1.6   |   pearson_r = 0.149 +/- 0.042

=== Finestra iniziale (nessun survivorship bias, solo test set) ===

Finestra sicura: step in [0, 339]  (81/90 episodi di test ancora vivi, 90%)
MAE nei primi 339 step, per massa (solo episodi di test):
  thigh (baseline naive = 0.2987):
    step [  0, 68]: MAE=0.2474  (+17.2% vs baseline, n=1260)
    step [ 68,136]: MAE=0.2281  (+23.6% vs baseline, n=1260)
    step [136,204]: MAE=0.2454  (+17.9% vs baseline, n=1168)
    step [204,272]: MAE=0.2573  (+13.9% vs baseline, n=1227)
    step [272,339]: MAE=0.2716  (+9.1% vs baseline, n=1063)
    correlazione step/errore nella finestra: r=0.051  p=8.444e-05
  leg (baseline naive = 0.2016):
    step [  0, 68]: MAE=0.1897  (+5.9% vs baseline, n=1260)
    step [ 68,136]: MAE=0.1779  (+11.8% vs baseline, n=1260)
    step [136,204]: MAE=0.1948  (+3.4% vs baseline, n=1168)
    step [204,272]: MAE=0.1929  (+4.3% vs baseline, n=1227)
    step [272,339]: MAE=0.1958  (+2.9% vs baseline, n=1063)
    correlazione step/errore nella finestra: r=0.028  p=0.02862
  foot (baseline naive = 0.3759):
    step [  0, 68]: MAE=0.2391  (+36.4% vs baseline, n=1260)
    step [ 68,136]: MAE=0.2879  (+23.4% vs baseline, n=1260)
    step [136,204]: MAE=0.3115  (+17.1% vs baseline, n=1168)
    step [204,272]: MAE=0.3443  (+8.4% vs baseline, n=1227)
    step [272,339]: MAE=0.3697  (+1.6% vs baseline, n=1063)
    correlazione step/errore nella finestra: r=0.198  p=1.055e-53

Risultati salvati in: results/probe_robustness_control_e8.json
Dataset: probe_dataset_control_e8.npz  (39926 righe, 450 episodi, feature dim = 256)
  checkpoint         = CONTROL[random_lstm] actor=models/udr_lstm_s42/udr_RecurrentPPO_final
  control_mode       = random_lstm
  deterministic      = True
  encoder_seed       = 8
  env_id             = CustomHopper-source-udr-v0
  lstm_hidden_size   = 128
  seed               = 0
  stride             = 5
  use_cell_state     = True
  vecnormalize       = models/udr_lstm_s42/vecnormalize.pkl

Miglioramento % del MAE rispetto alla baseline naive:
  MLP su hidden state: thigh=+17.0%   leg=+6.0%   foot=+17.5%
  Ridge lineare      : thigh=+4.5%   leg=+1.6%   foot=+4.7%
  CONTROLLO solo t   : thigh=-0.0%   leg=-0.0%   foot=-0.0%
  CONTROLLO shuffled : thigh=-0.5%   leg=-0.7%   foot=-0.3%

Miglioramento % per finestra temporale (t=0 deve essere ~0%):
  t in [  0,  0]  n=   90: thigh=-2.5%   leg=-1.8%   foot=+1.3%
  t in [  1, 20]  n=  360: thigh=+9.7%   leg=+6.3%   foot=+31.6%
  t in [ 20, 50]  n=  630: thigh=+26.4%   leg=+13.9%   foot=+47.9%
  t in [ 50,100]  n=  990: thigh=+27.5%   leg=+13.7%   foot=+31.0%
  t in [100,200]  n= 1888: thigh=+20.5%   leg=+6.6%   foot=+21.9%
  t in [200,500]  n= 4567: thigh=+13.5%   leg=+3.6%   foot=+9.5%

Risultati salvati in: results/probe_controls_control_e8.json

==============================================================
Provenance check
==============================================================
========================================================================
probe_dataset_450_lstm.npz
  rows=39926  feature_dim=256  episodes=450  mean_ep_len=462
  checkpoint         = models/udr_lstm_s42/udr_RecurrentPPO_final.zip
  vecnormalize       = models/udr_lstm_s42/vecnormalize.pkl
  env_id             = CustomHopper-source-udr-v0
  seed               = 0
  lstm_hidden_size   = 128
  use_cell_state     = True
  deterministic      = True
  stride             = 5
========================================================================
probe_dataset_control_e7.npz
  rows=39926  feature_dim=256  episodes=450  mean_ep_len=462
  control_mode       = random_lstm
  checkpoint         = CONTROL[random_lstm] actor=models/udr_lstm_s42/udr_RecurrentPPO_final
  vecnormalize       = models/udr_lstm_s42/vecnormalize.pkl
  env_id             = CustomHopper-source-udr-v0
  seed               = 0
  encoder_seed       = 7
  lstm_hidden_size   = 128
  use_cell_state     = True
  deterministic      = True
  stride             = 5
========================================================================
probe_dataset_control_e8.npz
  rows=39926  feature_dim=256  episodes=450  mean_ep_len=462
  control_mode       = random_lstm
  checkpoint         = CONTROL[random_lstm] actor=models/udr_lstm_s42/udr_RecurrentPPO_final
  vecnormalize       = models/udr_lstm_s42/vecnormalize.pkl
  env_id             = CustomHopper-source-udr-v0
  seed               = 0
  encoder_seed       = 8
  lstm_hidden_size   = 128
  use_cell_state     = True
  deterministic      = True
  stride             = 5
========================================================================
probe_dataset_control_e999.npz
  rows=39926  feature_dim=256  episodes=450  mean_ep_len=462
  control_mode       = random_lstm
  checkpoint         = CONTROL[random_lstm] actor=models/udr_lstm_s42/udr_RecurrentPPO_final
  vecnormalize       = models/udr_lstm_s42/vecnormalize.pkl
  env_id             = CustomHopper-source-udr-v0
  seed               = 0
  encoder_seed       = 999
  lstm_hidden_size   = 128
  use_cell_state     = True
  deterministic      = True
  stride             = 5
========================================================================
probe_dataset_s123.npz
  rows=29130  feature_dim=256  episodes=450  mean_ep_len=342
  checkpoint         = models/udr_lstm_s123/udr_RecurrentPPO_final.zip
  vecnormalize       = models/udr_lstm_s123/vecnormalize.pkl
  env_id             = CustomHopper-source-udr-v0
  seed               = 0
  lstm_hidden_size   = 128
  use_cell_state     = True
  deterministic      = True
  stride             = 5
========================================================================
probe_dataset_s42.npz
  rows=39926  feature_dim=256  episodes=450  mean_ep_len=462
  checkpoint         = models/udr_lstm_s42/udr_RecurrentPPO_final.zip
  vecnormalize       = models/udr_lstm_s42/vecnormalize.pkl
  env_id             = CustomHopper-source-udr-v0
  seed               = 0
  lstm_hidden_size   = 128
  use_cell_state     = True
  deterministic      = True
  stride             = 5
========================================================================
probe_dataset_s7.npz
  rows=19865  feature_dim=256  episodes=450  mean_ep_len=240
  checkpoint         = models/udr_lstm_s7/udr_RecurrentPPO_final.zip
  vecnormalize       = models/udr_lstm_s7/vecnormalize.pkl
  env_id             = CustomHopper-source-udr-v0
  seed               = 0
  lstm_hidden_size   = 128
  use_cell_state     = True
  deterministic      = True
  stride             = 5

========================================================================
PAIRING CHECK (control vs trained)
  probe_dataset_control_e7.npz               OK  paired with probe_dataset_450_lstm.npz, probe_dataset_s42.npz
  probe_dataset_control_e8.npz               OK  paired with probe_dataset_450_lstm.npz, probe_dataset_s42.npz
  probe_dataset_control_e999.npz             OK  paired with probe_dataset_450_lstm.npz, probe_dataset_s42.npz

If a control is unpaired, the 'same trajectories' claim does not
hold for it and it must be recollected with the matching
--checkpoint and --seed.

==============================================================
Aggregation
==============================================================
Trained LSTM runs:
  [trained] s123                       thigh= 16.6  leg=  6.2  foot= 20.8
  [trained] s42                        thigh=  9.1  leg=  1.6  foot=  9.8
  [trained] s7                         thigh= 33.2  leg=  6.0  foot= 43.9
Random-encoder control runs:
  [random] control_e7                 thigh= 17.6  leg=  5.0  foot= 18.9
  [random] control_e8                 thigh= 17.4  leg=  4.9  foot= 20.5
  [random] control_e999               thigh= 18.3  leg=  5.2  foot= 20.3
Window analysis:
  [trained] window analysis aggregated over 3 run(s)
  [random] window analysis aggregated over 3 run(s)

Saved: ./results/probe_summary.json

| mass | trained LSTM (n=3 policy seeds) | random LSTM (n=3 encoder seeds) |
|---|---:|---:|
| thigh | 19.6 ± 12.3 | 17.8 ± 0.5 |
| leg | 4.6 ± 2.6 | 5.0 ± 0.2 |
| foot | 24.9 ± 17.4 | 19.9 ± 0.8 |

MAE reduction (%) over a baseline that always predicts the training-set mean mass. Std is across runs, not across CV folds.

Saved: results/probe_summary.md
Saved: ./results/crossmass_summary.json

### scaling `all`  PPO feedforward: n=6, RecurrentPPO: n=6

| scale | PPO feedforward | RecurrentPPO |
|---:|---:|---:|
| 0.70 | 1403 ± 549 | 1086 ± 341 |
| 0.85 | 1700 ± 153 | 1112 ± 299 |
| 1.00 | 1716 ± 71 | 1096 ± 309 |
| 1.15 | 1506 ± 188 | 1075 ± 328 |
| 1.30 | 1283 ± 398 | 1032 ± 247 |

### scaling `foot`  PPO feedforward: n=1, RecurrentPPO: n=1

| scale | PPO feedforward | RecurrentPPO |
|---:|---:|---:|
| 0.70 | 1827 | 1050 |
| 0.85 | 1780 | 1474 |
| 1.00 | 1729 | 1508 |
| 1.15 | 1686 | 1435 |
| 1.30 | 1644 | 1367 |

### scaling `leg`  PPO feedforward: n=1, RecurrentPPO: n=1

| scale | PPO feedforward | RecurrentPPO |
|---:|---:|---:|
| 0.70 | 1743 | 1365 |
| 0.85 | 1724 | 1460 |
| 1.00 | 1729 | 1508 |
| 1.15 | 1743 | 1573 |
| 1.30 | 1716 | 1332 |

### scaling `thigh`  PPO feedforward: n=1, RecurrentPPO: n=1

| scale | PPO feedforward | RecurrentPPO |
|---:|---:|---:|
| 0.70 | 1745 | 1015 |
| 0.85 | 1714 | 1374 |
| 1.00 | 1729 | 1508 |
| 1.15 | 1741 | 1388 |
| 1.30 | 1727 | 1377 |

Saved: results/crossmass_summary.md
====================================================================================================
metodo / config                                       n         -> source         -> target
====================================================================================================
Baseline no randomization (target) [n_envs=8, normal  3    1629.8 ±  40.1    1602.6 ± 105.5
Baseline no randomization (target) [n_envs=8, normal  3    1293.0 ± 131.9    1305.5 ± 130.8
Oracle (all masses) [n_envs=8, normalize=True, lstm=  1     895.2 ±   0.0    1185.2 ±   0.0
                                                         ATTENZIONE: solo 1 run, la std tra seed non e' affidabile
Baseline no randomization (source) [n_envs=8, normal  3    1325.3 ± 171.3    1169.0 ± 358.0
Oracle (links masses) [n_envs=8, normalize=True, lst  3    1430.5 ± 256.4    1149.9 ± 290.4
Uniform Domain Randomization (UDR) [n_envs=8, normal  1    1204.7 ±   0.0    1084.2 ±   0.0
                                                         ATTENZIONE: solo 1 run, la std tra seed non e' affidabile
Uniform Domain Randomization (UDR) [n_envs=8, normal  1     890.2 ±   0.0     913.4 ±   0.0
                                                         ATTENZIONE: solo 1 run, la std tra seed non e' affidabile
Uniform Domain Randomization (UDR) [n_envs=8, normal  6    1706.2 ±  72.6     891.3 ± 349.1
Baseline no randomization (source) [n_envs=8, normal  6    1723.2 ±  52.5     853.2 ± 522.9
Uniform Domain Randomization (UDR) [n_envs=8, normal  1    1490.3 ±   0.0     832.3 ±   0.0
                                                         ATTENZIONE: solo 1 run, la std tra seed non e' affidabile
Uniform Domain Randomization (UDR) [n_envs=8, normal  6    1119.8 ± 265.2     745.4 ± 341.9
====================================================================================================
Le deviazioni standard sono calcolate TRA i run (seed diversi), non tra episodi di valutazione.

Riepilogo salvato in: ./results/summary.json
Tabella markdown salvata in: results/summary.md
Writing figures to ./images/ (.png)
  saved: ./images/policy_comparison.png
  saved: ./images/crossmass.png
  saved: ./images/probe_trained_vs_random.png
  saved: ./images/probe_windows_trained_vs_random.png
  saved: ./images/probe_baseline_improvement.png
  saved: ./images/probe_early_window.png
  saved: ./images/probe_controls.png
Done.
  udr_ff_s*                  n=6  final=1621
  udr_lstm_s*                n=6  final=1092
  baseline_ff_source_s*      n=6  final=1729
  baseline_source_s*         n=3  final=1356

Saved: ./images/learning_curves.png

Done. Figures in images/, tables in results/*.md
